// Jest Snapshot v1, https://goo.gl/fbAQLP

exports[`Logout renders UI correctly 1`] = `
<View
  accessible={true}
  collapsable={false}
  focusable={true}
  onBlur={[Function]}
  onClick={[Function]}
  onFocus={[Function]}
  onResponderGrant={[Function]}
  onResponderMove={[Function]}
  onResponderRelease={[Function]}
  onResponderTerminate={[Function]}
  onResponderTerminationRequest={[Function]}
  onStartShouldSetResponder={[Function]}
  style={
    Object {
      "alignItems": "center",
      "flexDirection": "row",
      "paddingHorizontal": 20,
      "paddingVertical": 20,
    }
  }
>
  <Text />
  <Text
    style={
      Object {
        "color": "#f56a6a",
        "fontFamily": "Montserrat-Bold",
        "fontSize": 14,
        "lineHeight": 18,
        "paddingLeft": 10,
      }
    }
  >
    Logout
  </Text>
</View>
`;
