// Jest Snapshot v1, https://goo.gl/fbAQLP

exports[`FormInput renders UI correctly 1`] = `
<View
  style={Object {}}
>
  <View
    style={
      Object {
        "alignItems": "center",
        "backgroundColor": "#FFFFFF",
        "borderColor": "#aaaaaa",
        "borderRadius": 5,
        "borderWidth": 1.5,
        "flexDirection": "row",
        "height": 50,
        "paddingHorizontal": 19.736842105263158,
        "width": "100%",
      }
    }
  >
    <TextInput
      autoCompleteType="off"
      editable={true}
      keyboardType="default"
      onChangeText={[Function]}
      placeholderTextColor="#808080"
      style={
        Object {
          "color": "#000000",
          "flex": 1,
          "fontFamily": "Montserrat-Regular",
          "fontSize": 14,
          "lineHeight": 18,
        }
      }
    />
  </View>
</View>
`;
