// Jest Snapshot v1, https://goo.gl/fbAQLP

exports[`Header renders UI correctly 1`] = `
<View
  collapsable={false}
  style={
    Object {
      "backgroundColor": "#2CB77C",
      "shadowColor": "#000",
      "shadowOffset": Object {
        "height": 2,
        "width": 0,
      },
      "shadowOpacity": 0.23,
      "shadowRadius": 2.62,
      "zIndex": 4,
    }
  }
>
  <View
    style={
      Array [
        Object {
          "alignItems": "center",
          "flexDirection": "row",
          "height": 44,
          "justifyContent": "space-between",
          "paddingHorizontal": 16,
        },
        Object {
          "height": 50,
        },
      ]
    }
  >
    <View
      style={
        Array [
          Object {
            "marginEnd": 20,
            "marginStart": -12,
          },
          undefined,
        ]
      }
    >
      <View
        accessible={true}
        collapsable={false}
        focusable={false}
        onClick={[Function]}
        onResponderGrant={[Function]}
        onResponderMove={[Function]}
        onResponderRelease={[Function]}
        onResponderTerminate={[Function]}
        onResponderTerminationRequest={[Function]}
        onStartShouldSetResponder={[Function]}
        style={
          Object {
            "opacity": 1,
          }
        }
      >
        <Text />
      </View>
    </View>
    <View
      style={
        Array [
          Object {
            "flex": 1,
            "justifyContent": "center",
          },
          undefined,
        ]
      }
    >
      <Text
        style={
          Array [
            Object {
              "fontSize": 20,
              "fontWeight": "500",
              "letterSpacing": 0.15,
            },
            Object {
              "color": "#000000",
            },
            Array [
              Object {
                "color": "#000000",
              },
              Object {
                "color": "#FFFFFF",
                "fontFamily": "Montserrat-Bold",
                "fontSize": 18,
                "lineHeight": 22,
              },
            ],
          ]
        }
      >
        Head
      </Text>
    </View>
    <View
      style={
        Array [
          Object {
            "marginEnd": -12,
            "marginStart": 20,
          },
          undefined,
        ]
      }
    >
      <View
        accessible={true}
        collapsable={false}
        focusable={false}
        onClick={[Function]}
        onResponderGrant={[Function]}
        onResponderMove={[Function]}
        onResponderRelease={[Function]}
        onResponderTerminate={[Function]}
        onResponderTerminationRequest={[Function]}
        onStartShouldSetResponder={[Function]}
        style={
          Object {
            "opacity": 1,
          }
        }
      >
        <Text />
      </View>
    </View>
  </View>
</View>
`;
